\BOOKMARK [1][-]{section.1}{\376\377\000P\000u\000r\000p\000o\000s\000e\000\040\000a\000n\000d\000\040\000r\000e\000l\000a\000t\000i\000o\000n\000\040\000t\000o\000\040\000t\000h\000e\000\040\000m\000a\000i\000n\000\040\000p\000i\000p\000e\000l\000i\000n\000e}{}% 1
\BOOKMARK [1][-]{section.2}{\376\377\000S\000o\000f\000t\000w\000a\000r\000e\000\040\000l\000a\000y\000o\000u\000t}{}% 2
\BOOKMARK [1][-]{section.3}{\376\377\000R\000e\000q\000u\000i\000r\000e\000d\000\040\000i\000n\000p\000u\000t\000s}{}% 3
\BOOKMARK [2][-]{subsection.3.1}{\376\377\000E\000m\000p\000i\000r\000i\000c\000a\000l\000\040\000s\000e\000s\000s\000i\000o\000n\000\040\000p\000o\000o\000l\000\040\000\050\000r\000e\000q\000u\000i\000r\000e\000d\000\051}{section.3}% 4
\BOOKMARK [2][-]{subsection.3.2}{\376\377\000O\000p\000t\000i\000o\000n\000a\000l\000\040\000S\000D\000P\000T\000M\000\040\000c\000a\000l\000i\000b\000r\000a\000t\000i\000o\000n}{section.3}% 5
\BOOKMARK [1][-]{section.4}{\376\377\000C\000o\000n\000f\000i\000g\000u\000r\000a\000t\000i\000o\000n\000\040\000\050\000M\000u\000l\000t\000i\000D\000a\000y\000C\000o\000n\000f\000i\000g\000\051}{}% 6
\BOOKMARK [2][-]{subsection.4.1}{\376\377\000F\000l\000e\000e\000t\000\040\000a\000n\000d\000\040\000e\000n\000e\000r\000g\000y}{section.4}% 7
\BOOKMARK [2][-]{subsection.4.2}{\376\377\000C\000h\000a\000r\000g\000i\000n\000g\000-\000f\000r\000e\000q\000u\000e\000n\000c\000y\000\040\000m\000a\000t\000r\000i\000x}{section.4}% 8
\BOOKMARK [2][-]{subsection.4.3}{\376\377\000C\000h\000a\000r\000g\000i\000n\000g\000-\000l\000o\000c\000a\000t\000i\000o\000n\000\040\000m\000a\000t\000r\000i\000x}{section.4}% 9
\BOOKMARK [2][-]{subsection.4.4}{\376\377\000S\000u\000b\000-\000t\000y\000p\000e\000\040\000w\000e\000i\000g\000h\000t\000s\000\040\000\050\000w\000i\000t\000h\000i\000n\000\040\000l\000o\000c\000a\000t\000i\000o\000n\000\051}{section.4}% 10
\BOOKMARK [2][-]{subsection.4.5}{\376\377\000D\000a\000i\000l\000y\000\040\000d\000r\000i\000v\000i\000n\000g\000\040\000a\000n\000d\000\040\000v\000a\000r\000i\000a\000b\000i\000l\000i\000t\000y\000\040\000p\000a\000r\000a\000m\000e\000t\000e\000r\000s}{section.4}% 11
\BOOKMARK [2][-]{subsection.4.6}{\376\377\000P\000a\000r\000a\000m\000e\000t\000e\000r\000\040\000p\000r\000o\000v\000e\000n\000a\000n\000c\000e\000\040\000\050\000q\000u\000i\000c\000k\000\040\000r\000e\000f\000e\000r\000e\000n\000c\000e\000\051}{section.4}% 12
\BOOKMARK [1][-]{section.5}{\376\377\000S\000i\000m\000u\000l\000a\000t\000i\000o\000n\000\040\000a\000l\000g\000o\000r\000i\000t\000h\000m}{}% 13
\BOOKMARK [2][-]{subsection.5.1}{\376\377\000S\000t\000e\000p\000\040\0001\000:\000\040\000B\000u\000i\000l\000d\000\040\000f\000l\000e\000e\000t\000\040\000\050\000f\000l\000e\000e\000t\000.\000p\000y\000\051}{section.5}% 14
\BOOKMARK [2][-]{subsection.5.2}{\376\377\000S\000t\000e\000p\000\040\0002\000:\000\040\000D\000a\000i\000l\000y\000\040\000i\000n\000p\000u\000t\000s\000\040\000\050\000t\000r\000i\000p\000s\000.\000p\000y\000\051}{section.5}% 15
\BOOKMARK [2][-]{subsection.5.3}{\376\377\000S\000t\000e\000p\000\040\0003\000:\000\040\000S\000e\000s\000s\000i\000o\000n\000\040\000p\000o\000o\000l\000\040\000\050\000s\000e\000s\000s\000i\000o\000n\000\137\000p\000o\000o\000l\000.\000p\000y\000\051}{section.5}% 16
\BOOKMARK [2][-]{subsection.5.4}{\376\377\000S\000t\000e\000p\000\040\0004\000:\000\040\000M\000u\000l\000t\000i\000-\000d\000a\000y\000\040\000s\000a\000m\000p\000l\000i\000n\000g\000\040\000\050\000s\000a\000m\000p\000l\000i\000n\000g\000.\000p\000y\000\051}{section.5}% 17
\BOOKMARK [3][-]{subsubsection.5.4.1}{\376\377\000M\000a\000t\000c\000h\000i\000n\000g\000\040\000d\000e\000m\000a\000n\000d\000\040\000k\000W\000h\000\040\000t\000o\000\040\000e\000m\000p\000i\000r\000i\000c\000a\000l\000\040\000s\000e\000s\000s\000i\000o\000n\000\040\000k\000W\000h}{subsection.5.4}% 18
\BOOKMARK [2][-]{subsection.5.5}{\376\377\000S\000t\000e\000p\000\040\0005\000:\000\040\000L\000o\000a\000d\000\040\000p\000r\000o\000f\000i\000l\000e\000s\000\040\000\050\000l\000o\000a\000d\000\137\000p\000r\000o\000f\000i\000l\000e\000.\000p\000y\000\051}{section.5}% 19
\BOOKMARK [1][-]{section.6}{\376\377\000O\000u\000t\000p\000u\000t\000s}{}% 20
\BOOKMARK [1][-]{section.7}{\376\377\000H\000o\000w\000\040\000t\000h\000e\000\040\000m\000a\000i\000n\000\040\000p\000i\000p\000e\000l\000i\000n\000e\000\040\000s\000a\000m\000p\000l\000e\000s\000\040\000S\000D\000,\000\040\000L\000D\000,\000\040\000a\000n\000d\000\040\000E\000T\000M\000\040\000c\000h\000a\000r\000g\000i\000n\000g}{}% 21
\BOOKMARK [2][-]{subsection.7.1}{\376\377\000S\000h\000o\000r\000t\000\040\000d\000i\000s\000t\000a\000n\000c\000e\000\040\000\050\000S\000D\000P\000T\000M\000\051\000\040\040\024\000\040\0000\0003\000\137\0000\0001}{section.7}% 22
\BOOKMARK [2][-]{subsection.7.2}{\376\377\000L\000o\000n\000g\000\040\000d\000i\000s\000t\000a\000n\000c\000e\000\040\000\050\000L\000D\000P\000T\000M\000\051\000\040\000a\000n\000d\000\040\000e\000x\000t\000e\000r\000n\000a\000l\000\040\000\050\000E\000T\000M\000\051\000\040\040\024\000\040\0000\0003\000\137\0000\0002}{section.7}% 23
\BOOKMARK [3][-]{subsubsection.7.2.1}{\376\377\000W\000h\000a\000t\000\040\000T\000A\000Z\000f\000r\000e\000q\000\040\000m\000e\000a\000n\000s}{subsection.7.2}% 24
\BOOKMARK [3][-]{subsubsection.7.2.2}{\376\377\000O\000p\000t\000i\000o\000n\000\040\0004\000:\000\040\000w\000h\000i\000c\000h\000\040\000T\000A\000Z\000\040\000g\000e\000t\000s\000\040\000a\000\040\000c\000h\000a\000r\000g\000i\000n\000g\000\040\000e\000v\000e\000n\000t}{subsection.7.2}% 25
\BOOKMARK [3][-]{subsubsection.7.2.3}{\376\377\000C\000o\000n\000s\000i\000s\000t\000e\000n\000c\000y\000\040\000w\000i\000t\000h\000\040\000Y\000a\000n\000n\000i\000n\000g\000'\000s\000\040\000R\000\040\000s\000c\000r\000i\000p\000t}{subsection.7.2}% 26
\BOOKMARK [2][-]{subsection.7.3}{\376\377\000W\000h\000e\000r\000e\000\040\000e\000m\000p\000i\000r\000i\000c\000a\000l\000\040\000s\000e\000s\000s\000i\000o\000n\000s\000\040\000a\000t\000t\000a\000c\000h\000\040\040\024\000\040\0000\0005\000\137\0000\0002}{section.7}% 27
\BOOKMARK [1][-]{section.8}{\376\377\000R\000u\000n\000\040\000c\000o\000m\000m\000a\000n\000d\000s}{}% 28
