\BOOKMARK [1][-]{section.1}{\376\377\000I\000n\000t\000r\000o\000d\000u\000c\000t\000i\000o\000n\000\040\000a\000n\000d\000\040\000s\000t\000u\000d\000y\000\040\000o\000b\000j\000e\000c\000t\000i\000v\000e}{}% 1
\BOOKMARK [1][-]{section.2}{\376\377\000C\000o\000n\000c\000e\000p\000t\000u\000a\000l\000\040\000f\000r\000a\000m\000e\000w\000o\000r\000k}{}% 2
\BOOKMARK [2][-]{subsection.2.1}{\376\377\000G\000e\000o\000g\000r\000a\000p\000h\000i\000c\000\040\000h\000i\000e\000r\000a\000r\000c\000h\000y}{section.2}% 3
\BOOKMARK [2][-]{subsection.2.2}{\376\377\000T\000r\000a\000v\000e\000l\000\040\000m\000o\000d\000e\000l\000\040\000c\000o\000m\000p\000o\000n\000e\000n\000t\000s\000\040\000\050\000C\000S\000T\000D\000M\000\051}{section.2}% 4
\BOOKMARK [2][-]{subsection.2.3}{\376\377\000C\000h\000a\000r\000g\000i\000n\000g\000\040\000l\000o\000c\000a\000t\000i\000o\000n\000\040\000t\000y\000p\000e\000s}{section.2}% 5
\BOOKMARK [2][-]{subsection.2.4}{\376\377\000F\000o\000r\000e\000c\000a\000s\000t\000\040\000h\000o\000r\000i\000z\000o\000n}{section.2}% 6
\BOOKMARK [2][-]{subsection.2.5}{\376\377\000P\000i\000p\000e\000l\000i\000n\000e\000\040\000f\000l\000o\000w}{section.2}% 7
\BOOKMARK [1][-]{section.3}{\376\377\000S\000t\000a\000g\000e\000\040\0000\0001\000:\000\040\000L\000D\000V\000\040\000h\000o\000u\000s\000e\000h\000o\000l\000d\000\040\000h\000o\000m\000e\000\040\000z\000o\000n\000e\000s}{}% 8
\BOOKMARK [2][-]{subsection.3.1}{\376\377\000S\000c\000r\000i\000p\000t}{section.3}% 9
\BOOKMARK [2][-]{subsection.3.2}{\376\377\000P\000u\000r\000p\000o\000s\000e}{section.3}% 10
\BOOKMARK [2][-]{subsection.3.3}{\376\377\000I\000n\000p\000u\000t\000s}{section.3}% 11
\BOOKMARK [2][-]{subsection.3.4}{\376\377\000F\000i\000l\000t\000e\000r\000s}{section.3}% 12
\BOOKMARK [2][-]{subsection.3.5}{\376\377\000O\000u\000t\000p\000u\000t\000s}{section.3}% 13
\BOOKMARK [1][-]{section.4}{\376\377\000S\000t\000a\000g\000e\000\040\0000\0002\000:\000\040\000E\000V\000\040\000a\000d\000o\000p\000t\000i\000o\000n\000,\000\040\000g\000e\000o\000g\000r\000a\000p\000h\000y\000,\000\040\000a\000n\000d\000\040\000t\000r\000i\000p\000s}{}% 14
\BOOKMARK [2][-]{subsection.4.1}{\376\377\000S\000t\000a\000g\000e\000\040\0000\0002\000\137\0000\0001\000:\000\040\000T\000r\000a\000c\000t\000\040\000t\000o\000\040\000b\000l\000o\000c\000k\000-\000g\000r\000o\000u\000p\000\040\000p\000o\000p\000u\000l\000a\000t\000i\000o\000n\000\040\000s\000h\000a\000r\000e}{section.4}% 15
\BOOKMARK [3][-]{subsubsection.4.1.1}{\376\377\000I\000n\000p\000u\000t\000s}{subsection.4.1}% 16
\BOOKMARK [3][-]{subsubsection.4.1.2}{\376\377\000G\000E\000O\000I\000D\000\040\000p\000a\000r\000s\000i\000n\000g}{subsection.4.1}% 17
\BOOKMARK [3][-]{subsubsection.4.1.3}{\376\377\000P\000o\000p\000u\000l\000a\000t\000i\000o\000n\000\040\000s\000h\000a\000r\000e}{subsection.4.1}% 18
\BOOKMARK [3][-]{subsubsection.4.1.4}{\376\377\000O\000u\000t\000p\000u\000t}{subsection.4.1}% 19
\BOOKMARK [2][-]{subsection.4.2}{\376\377\000S\000t\000a\000g\000e\000\040\0000\0002\000\137\0000\0002\000:\000\040\000E\000V\000\040\000h\000o\000u\000s\000e\000h\000o\000l\000d\000\040\000s\000h\000a\000r\000e\000s\000\040\000a\000t\000\040\000T\000A\000Z}{section.4}% 20
\BOOKMARK [3][-]{subsubsection.4.2.1}{\376\377\000I\000n\000p\000u\000t\000s}{subsection.4.2}% 21
\BOOKMARK [3][-]{subsubsection.4.2.2}{\376\377\000T\000r\000a\000c\000t\000\040\000t\000o\000\040\000b\000l\000o\000c\000k\000\040\000g\000r\000o\000u\000p\000\040\000\050\000E\000V\000\040\000h\000o\000u\000s\000e\000h\000o\000l\000d\000s\000\051}{subsection.4.2}% 22
\BOOKMARK [3][-]{subsubsection.4.2.3}{\376\377\000A\000l\000l\000\040\000h\000o\000u\000s\000e\000h\000o\000l\000d\000s\000\040\000\050\000t\000r\000a\000c\000t\000\040\000t\000o\000t\000a\000l\000,\000\040\000t\000h\000e\000n\000\040\000d\000i\000s\000a\000g\000g\000r\000e\000g\000a\000t\000e\000\051}{subsection.4.2}% 23
\BOOKMARK [3][-]{subsubsection.4.2.4}{\376\377\000T\000A\000Z\000\040\000a\000g\000g\000r\000e\000g\000a\000t\000i\000o\000n}{subsection.4.2}% 24
\BOOKMARK [3][-]{subsubsection.4.2.5}{\376\377\000O\000u\000t\000p\000u\000t\000s}{subsection.4.2}% 25
\BOOKMARK [2][-]{subsection.4.3}{\376\377\000S\000t\000a\000g\000e\000\040\0000\0002\000\137\0000\0003\000:\000\040\000S\000a\000m\000p\000l\000e\000\040\000n\000e\000w\000\040\000E\000V\000\040\000h\000o\000u\000s\000e\000h\000o\000l\000d\000s\000\040\000p\000e\000r\000\040\000T\000A\000Z}{section.4}% 26
\BOOKMARK [3][-]{subsubsection.4.3.1}{\376\377\000C\000a\000l\000i\000f\000o\000r\000n\000i\000a\000-\000w\000i\000d\000e\000\040\000s\000h\000a\000r\000e\000\040\000\050\000E\000T\000M\000\040\000o\000n\000l\000y\000\051}{subsection.4.3}% 27
\BOOKMARK [3][-]{subsubsection.4.3.2}{\376\377\000E\000x\000p\000e\000c\000t\000e\000d\000\040\000E\000V\000\040\000c\000o\000u\000n\000t\000\040\000p\000e\000r\000\040\000T\000A\000Z}{subsection.4.3}% 28
\BOOKMARK [3][-]{subsubsection.4.3.3}{\376\377\000N\000e\000w\000\040\000E\000V\000\040\000h\000o\000u\000s\000e\000h\000o\000l\000d\000s\000\040\000\050\000y\000e\000a\000r\000-\000o\000v\000e\000r\000-\000y\000e\000a\000r\000\051}{subsection.4.3}% 29
\BOOKMARK [3][-]{subsubsection.4.3.4}{\376\377\000S\000a\000m\000p\000l\000i\000n\000g\000\040\000w\000i\000t\000h\000o\000u\000t\000\040\000r\000e\000p\000l\000a\000c\000e\000m\000e\000n\000t}{subsection.4.3}% 30
\BOOKMARK [3][-]{subsubsection.4.3.5}{\376\377\000O\000u\000t\000p\000u\000t\000s}{subsection.4.3}% 31
\BOOKMARK [2][-]{subsection.4.4}{\376\377\000S\000t\000a\000g\000e\000\040\0000\0002\000\137\0000\0004\000:\000\040\000E\000V\000\040\000t\000r\000i\000p\000\040\000e\000x\000t\000r\000a\000c\000t\000i\000o\000n}{section.4}% 32
\BOOKMARK [3][-]{subsubsection.4.4.1}{\376\377\000T\000r\000i\000p\000\040\000p\000u\000r\000p\000o\000s\000e\000\040\000\040\000c\000h\000a\000r\000g\000e\000\040\000t\000y\000p\000e\000\040\000m\000a\000p\000p\000i\000n\000g\000s}{subsection.4.4}% 33
\BOOKMARK [3][-]{subsubsection.4.4.2}{\376\377\000O\000u\000t\000p\000u\000t\000s\000\040\000\050\000R\000D\000S\000\051}{subsection.4.4}% 34
\BOOKMARK [1][-]{section.5}{\376\377\000S\000t\000a\000g\000e\000\040\0000\0003\000:\000\040\000C\000h\000a\000r\000g\000i\000n\000g\000\040\000e\000v\000e\000n\000t\000s}{}% 35
\BOOKMARK [2][-]{subsection.5.1}{\376\377\000S\000t\000a\000g\000e\000\040\0000\0003\000\137\0000\0001\000:\000\040\000S\000h\000o\000r\000t\000-\000d\000i\000s\000t\000a\000n\000c\000e\000\040\000c\000h\000a\000r\000g\000i\000n\000g\000\040\000\050\000S\000D\000P\000T\000M\000\051}{section.5}% 36
\BOOKMARK [3][-]{subsubsection.5.1.1}{\376\377\000S\000u\000r\000v\000e\000y\000\040\000c\000h\000a\000r\000g\000i\000n\000g\000-\000l\000o\000c\000a\000t\000i\000o\000n\000\040\000s\000h\000a\000r\000e\000s}{subsection.5.1}% 37
\BOOKMARK [3][-]{subsubsection.5.1.2}{\376\377\000T\000o\000u\000r\000-\000l\000e\000v\000e\000l\000\040\000p\000r\000o\000c\000e\000d\000u\000r\000e}{subsection.5.1}% 38
\BOOKMARK [3][-]{subsubsection.5.1.3}{\376\377\000O\000u\000t\000p\000u\000t}{subsection.5.1}% 39
\BOOKMARK [2][-]{subsection.5.2}{\376\377\000S\000t\000a\000g\000e\000\040\0000\0003\000\137\0000\0002\000:\000\040\000L\000o\000n\000g\000-\000d\000i\000s\000t\000a\000n\000c\000e\000\040\000a\000n\000d\000\040\000e\000x\000t\000e\000r\000n\000a\000l\000\040\000c\000h\000a\000r\000g\000i\000n\000g}{section.5}% 40
\BOOKMARK [3][-]{subsubsection.5.2.1}{\376\377\000T\000A\000Z\000\040\000d\000i\000s\000t\000a\000n\000c\000e\000\040\000m\000a\000t\000r\000i\000c\000e\000s}{subsection.5.2}% 41
\BOOKMARK [3][-]{subsubsection.5.2.2}{\376\377\000H\000o\000w\000\040\000t\000h\000i\000s\000\040\000c\000o\000d\000e\000b\000a\000s\000e\000\040\000g\000e\000n\000e\000r\000a\000t\000e\000s\000\040\000d\000a\000t\000a\000/\000m\000o\000b\000i\000l\000i\000t\000y\000\137\000d\000a\000t\000a\000/\000T\000A\000Z\000\137\000d\000i\000s\000t\000a\000n\000c\000e}{subsection.5.2}% 42
\BOOKMARK [3][-]{subsubsection.5.2.3}{\376\377\000S\000a\000v\000e\000d\000\040\000a\000p\000p\000r\000o\000a\000c\000h\000:\000\040\000O\000p\000t\000i\000o\000n\000\040\0004\000\040\000\050\000L\000D\000P\000T\000M\000\051}{subsection.5.2}% 43
\BOOKMARK [3][-]{subsubsection.5.2.4}{\376\377\000E\000T\000M}{subsection.5.2}% 44
\BOOKMARK [3][-]{subsubsection.5.2.5}{\376\377\000O\000u\000t\000p\000u\000t\000s}{subsection.5.2}% 45
\BOOKMARK [1][-]{section.6}{\376\377\000S\000t\000a\000g\000e\000\040\0000\0004\000:\000\040\000S\000p\000a\000t\000i\000a\000l\000\040\000d\000o\000w\000n\000s\000c\000a\000l\000i\000n\000g\000\040\000t\000o\000\040\000b\000l\000o\000c\000k\000s\000\040\000a\000n\000d\000\040\000f\000e\000e\000d\000e\000r\000s}{}% 46
\BOOKMARK [2][-]{subsection.6.1}{\376\377\000S\000t\000a\000g\000e\000\040\0000\0004\000\137\0000\0001\000:\000\040\000B\000l\000o\000c\000k\000\040\000s\000h\000a\000r\000e\000s\000\040\000w\000i\000t\000h\000i\000n\000\040\000T\000A\000Z}{section.6}% 47
\BOOKMARK [2][-]{subsection.6.2}{\376\377\000S\000t\000a\000g\000e\000\040\0000\0004\000\137\0000\0002\000:\000\040\000T\000A\000Z\000\040\000e\000v\000e\000n\000t\000s\000\040\000t\000o\000\040\000b\000l\000o\000c\000k\000s}{section.6}% 48
\BOOKMARK [2][-]{subsection.6.3}{\376\377\000S\000t\000a\000g\000e\000\040\0000\0004\000\137\0000\0003\000:\000\040\000B\000l\000o\000c\000k\000s\000\040\000t\000o\000\040\000f\000e\000e\000d\000e\000r\000s}{section.6}% 49
\BOOKMARK [1][-]{section.7}{\376\377\000S\000t\000a\000g\000e\000\040\0000\0005\000:\000\040\000E\000m\000p\000i\000r\000i\000c\000a\000l\000\040\000c\000h\000a\000r\000g\000i\000n\000g\000\040\000s\000e\000s\000s\000i\000o\000n\000s}{}% 50
\BOOKMARK [2][-]{subsection.7.1}{\376\377\000S\000c\000r\000i\000p\000t}{section.7}% 51
\BOOKMARK [2][-]{subsection.7.2}{\376\377\000E\000n\000e\000r\000g\000y\000\040\000d\000e\000m\000a\000n\000d\000\040\000b\000i\000n\000s}{section.7}% 52
\BOOKMARK [2][-]{subsection.7.3}{\376\377\000C\000h\000a\000r\000g\000e\000r\000\040\000t\000y\000p\000e\000\040\000a\000s\000s\000i\000g\000n\000m\000e\000n\000t}{section.7}% 53
\BOOKMARK [2][-]{subsection.7.4}{\376\377\000M\000a\000t\000c\000h\000i\000n\000g}{section.7}% 54
\BOOKMARK [2][-]{subsection.7.5}{\376\377\000O\000u\000t\000p\000u\000t}{section.7}% 55
\BOOKMARK [1][-]{section.8}{\376\377\000S\000t\000a\000g\000e\000\040\0000\0006\000:\000\040\000F\000e\000e\000d\000e\000r\000\040\000c\000h\000a\000r\000g\000i\000n\000g\000\040\000p\000r\000o\000f\000i\000l\000e\000s}{}% 56
\BOOKMARK [2][-]{subsection.8.1}{\376\377\000S\000c\000r\000i\000p\000t}{section.8}% 57
\BOOKMARK [1][-]{section.9}{\376\377\000R\000e\000l\000a\000t\000e\000d\000:\000\040\000m\000u\000l\000t\000i\000-\000d\000a\000y\000\040\000S\000O\000C\000-\000a\000w\000a\000r\000e\000\040\000s\000i\000m\000u\000l\000a\000t\000i\000o\000n\000\040\000\050\000m\000u\000l\000t\000i\000d\000a\000y\000\137\000c\000h\000a\000r\000g\000i\000n\000g\000/\000\051}{}% 58
\BOOKMARK [1][-]{section.10}{\376\377\000S\000t\000a\000g\000e\000\040\0000\0007\000:\000\040\000G\000r\000i\000d\000\040\000o\000v\000e\000r\000l\000o\000a\000d\000\040\000a\000s\000s\000e\000s\000s\000m\000e\000n\000t}{}% 59
\BOOKMARK [2][-]{subsection.10.1}{\376\377\000S\000c\000r\000i\000p\000t}{section.10}% 60
\BOOKMARK [2][-]{subsection.10.2}{\376\377\000G\000r\000i\000d\000\040\000q\000u\000a\000n\000t\000i\000t\000i\000e\000s}{section.10}% 61
\BOOKMARK [1][-]{section.11}{\376\377\000M\000a\000s\000t\000e\000r\000\040\000d\000a\000t\000a\000\040\000d\000i\000c\000t\000i\000o\000n\000a\000r\000y\000\040\000\050\000s\000e\000l\000e\000c\000t\000e\000d\000\040\000f\000i\000e\000l\000d\000s\000\051}{}% 62
\BOOKMARK [1][-]{section.12}{\376\377\000R\000e\000p\000r\000o\000d\000u\000c\000i\000b\000i\000l\000i\000t\000y\000:\000\040\000r\000a\000n\000d\000o\000m\000\040\000s\000e\000e\000d\000s}{}% 63
\BOOKMARK [1][-]{section.13}{\376\377\000S\000o\000f\000t\000w\000a\000r\000e\000\040\000a\000n\000d\000\040\000d\000e\000p\000e\000n\000d\000e\000n\000c\000i\000e\000s}{}% 64
